components/LanguageCurrencySelector.tsx(5,29): error TS2307: Cannot find module '@/context/LanguageContext' or its corresponding type declarations.
components/LuxuryNavbar.tsx(12,25): error TS2307: Cannot find module '@/context/AuthContext' or its corresponding type declarations.
components/LuxuryNavbar.tsx(13,30): error TS2307: Cannot find module '@/store/cartStore' or its corresponding type declarations.
components/LuxuryNavbar.tsx(14,34): error TS2307: Cannot find module '@/store/wishlistStore' or its corresponding type declarations.
components/LuxuryNavbar.tsx(15,29): error TS2307: Cannot find module '@/context/LanguageContext' or its corresponding type declarations.
components/LuxuryNavbar.tsx(16,32): error TS2307: Cannot find module '@/hooks/useTranslation' or its corresponding type declarations.
components/LuxuryNavbar.tsx(17,29): error TS2307: Cannot find module '@/lib/hooks/useDebounce' or its corresponding type declarations.
components/NotificationBell.tsx(7,25): error TS2307: Cannot find module '@/context/AuthContext' or its corresponding type declarations.
components/SearchDropdown.tsx(7,29): error TS2307: Cannot find module '@/lib/utils' or its corresponding type declarations.
